2023-01-12 19:47:34,098 ERROR: Unhandled exception [in /Users/jamesboyer/Documents/MathReformationWebsite/./app/tasks.py:59]
Traceback (most recent call last):
  File "/Users/jamesboyer/Documents/MathReformationWebsite/./app/tasks.py", line 40, in export_document
    document
UnboundLocalError: local variable 'document' referenced before assignment
2023-01-12 19:48:05,962 INFO: Mathreformation startup [in /Users/jamesboyer/Documents/MathReformationWebsite/./app/__init__.py:120]
2023-01-12 19:48:06,028 INFO: Mathreformation startup [in /Users/jamesboyer/Documents/MathReformationWebsite/./app/__init__.py:120]
2023-01-12 19:48:06,028 INFO: Mathreformation startup [in /Users/jamesboyer/Documents/MathReformationWebsite/./app/__init__.py:120]
2023-01-12 19:48:06,052 ERROR: Unhandled exception [in /Users/jamesboyer/Documents/MathReformationWebsite/./app/tasks.py:58]
Traceback (most recent call last):
  File "/Users/jamesboyer/Documents/MathReformationWebsite/./app/tasks.py", line 42, in export_document
    parent = document.parent.name
AttributeError: 'NoneType' object has no attribute 'name'
2023-01-12 19:48:06,052 ERROR: Unhandled exception [in /Users/jamesboyer/Documents/MathReformationWebsite/./app/tasks.py:58]
Traceback (most recent call last):
  File "/Users/jamesboyer/Documents/MathReformationWebsite/./app/tasks.py", line 42, in export_document
    parent = document.parent.name
AttributeError: 'NoneType' object has no attribute 'name'
2023-01-12 19:48:55,170 INFO: Mathreformation startup [in /Users/jamesboyer/Documents/MathReformationWebsite/./app/__init__.py:120]
2023-01-12 19:48:55,218 INFO: Mathreformation startup [in /Users/jamesboyer/Documents/MathReformationWebsite/./app/__init__.py:120]
2023-01-12 19:48:55,218 INFO: Mathreformation startup [in /Users/jamesboyer/Documents/MathReformationWebsite/./app/__init__.py:120]
2023-01-12 20:14:38,572 INFO: Mathreformation startup [in /Users/jamesboyer/Documents/MathReformationWebsite/app/__init__.py:120]
2023-01-12 20:18:31,747 INFO: Mathreformation startup [in /Users/jamesboyer/Documents/MathReformationWebsite/app/__init__.py:120]
2023-01-12 20:19:00,542 INFO: Mathreformation startup [in /Users/jamesboyer/Documents/MathReformationWebsite/app/__init__.py:120]
